// Jest Snapshot v1, https://goo.gl/fbAQLP

exports[`Database Adapter should only listen to finite number of events 1`] = `
Object {
  "Acknowledge": "ack",
  "CursorChange": "cursor",
  "Error": "error",
  "InitialRevisions": "initialRevisions",
  "Operation": "operation",
  "Ready": "ready",
  "Retry": "retry",
}
`;
